[www.thebluealliance.com/gameday.html]
[backblue.gif]
[fade.gif]
[index.html]
[www.thebluealliance.com/icons/apple-touch-icon.png]
[www.thebluealliance.com/icons/favicon-32x32.png]
[www.thebluealliance.com/icons/favicon-16x16.png]
[www.thebluealliance.com/manifest.json]
[www.thebluealliance.com/icons/safari-pinned-tab.svg]
[www.thebluealliance.com/icons/favicon.ico]
[www.thebluealliance.com/icons/browserconfig.xml]
[vjs.zencdn.net/5.8.8/video-js.css]
[cdnjs.cloudflare.com/ajax/libs/bootstrap-select/1.12.1/css/bootstrap-select.min.css]
[cdnjs.cloudflare.com/ajax/libs/vis/4.19.1/vis.min.css]
[www.thebluealliance.com/images/gameday_image.jpg]
[www.gstatic.com/firebasejs/8.10.0/firebase-app.js]
[cdnjs.cloudflare.com/ajax/libs/video.js/5.10.2/video.min.js]
[cdnjs.cloudflare.com/ajax/libs/videojs-contrib-hls/3.0.2/videojs-contrib-hls.min.js]
[www.thebluealliance.com/py3_javascript/gameday2.min.js]
[connect.facebook.net/en_US/all.js]
[www.google-analytics.com/analytics.js]
[apis.google.com/js/plusoned9de.js]
[www.thebluealliance.com/gameday.html]
[www.thebluealliance.com/icons/safari-pinned-tab.svg]
[vjs.zencdn.net/5.8.8/video-js.css]
[cdnjs.cloudflare.com/ajax/libs/bootstrap-select/1.12.1/css/bootstrap-select.min.css]
[cdnjs.cloudflare.com/ajax/libs/vis/4.19.1/img/network/cross.png]
[cdnjs.cloudflare.com/ajax/libs/vis/4.19.1/img/network/backIcon.png]
[cdnjs.cloudflare.com/ajax/libs/vis/4.19.1/img/network/addNodeIcon.png]
[cdnjs.cloudflare.com/ajax/libs/vis/4.19.1/img/network/editIcon.png]
[cdnjs.cloudflare.com/ajax/libs/vis/4.19.1/img/network/connectIcon.png]
[cdnjs.cloudflare.com/ajax/libs/vis/4.19.1/img/network/deleteIcon.png]
[cdnjs.cloudflare.com/ajax/libs/vis/4.19.1/img/network/upArrow.png]
[cdnjs.cloudflare.com/ajax/libs/vis/4.19.1/img/network/downArrow.png]
[cdnjs.cloudflare.com/ajax/libs/vis/4.19.1/img/network/leftArrow.png]
[cdnjs.cloudflare.com/ajax/libs/vis/4.19.1/img/network/rightArrow.png]
[cdnjs.cloudflare.com/ajax/libs/vis/4.19.1/img/network/plus.png]
[cdnjs.cloudflare.com/ajax/libs/vis/4.19.1/vis.min.css]
[connect.facebook.net/en_US/all.js]
[cdnjs.cloudflare.com/ajax/libs/vis/4.19.1/img/network/minus.png]
[cdnjs.cloudflare.com/ajax/libs/vis/4.19.1/img/network/zoomExtends.png]
